
> rest-express@1.0.0 dev
> NODE_ENV=development TMPDIR=./tmp_tsx tsx --env-file=.env server/index.ts

Starting server IIFE...
Calling registerRoutes...
[auth] Google OAuth not configured (missing GOOGLE_CLIENT_ID or GOOGLE_CLIENT_SECRET)
[auth] Registering Auth Routes...
[auth] Auth Routes Registered.
registerRoutes finished.
9:55:56 PM [express] serving on 0.0.0.0:5001
[BABEL] Note: The code generator has deoptimised the styling of /home/guimp/Documentos/HabilitFy - antgravity/.vite-cache/deps/react-dom_client.js?v=166f93ee as it exceeds the max of 500KB.
9:56:03 PM [express] GET /api/auth/user 401 in 4ms :: {"message":"Not authenticated"}
Error registering user: ReferenceError: storage is not defined
    at <anonymous> (/home/guimp/Documentos/HabilitFy - antgravity/server/routes.ts:350:28)
    at Layer.handle [as handle_request] (/home/guimp/Documentos/HabilitFy - antgravity/node_modules/express/lib/router/layer.js:95:5)
    at next (/home/guimp/Documentos/HabilitFy - antgravity/node_modules/express/lib/router/route.js:149:13)
    at Route.dispatch (/home/guimp/Documentos/HabilitFy - antgravity/node_modules/express/lib/router/route.js:119:3)
    at Layer.handle [as handle_request] (/home/guimp/Documentos/HabilitFy - antgravity/node_modules/express/lib/router/layer.js:95:5)
    at /home/guimp/Documentos/HabilitFy - antgravity/node_modules/express/lib/router/index.js:284:15
    at Function.process_params (/home/guimp/Documentos/HabilitFy - antgravity/node_modules/express/lib/router/index.js:346:12)
    at next (/home/guimp/Documentos/HabilitFy - antgravity/node_modules/express/lib/router/index.js:280:10)
    at strategy.pass (/home/guimp/Documentos/HabilitFy - antgravity/node_modules/passport/lib/middleware/authenticate.js:355:9)
    at SessionStrategy.authenticate (/home/guimp/Documentos/HabilitFy - antgravity/node_modules/passport/lib/strategies/session.js:126:10)
    at attempt (/home/guimp/Documentos/HabilitFy - antgravity/node_modules/passport/lib/middleware/authenticate.js:378:16)
    at authenticate (/home/guimp/Documentos/HabilitFy - antgravity/node_modules/passport/lib/middleware/authenticate.js:379:7)
    at Layer.handle [as handle_request] (/home/guimp/Documentos/HabilitFy - antgravity/node_modules/express/lib/router/layer.js:95:5)
    at trim_prefix (/home/guimp/Documentos/HabilitFy - antgravity/node_modules/express/lib/router/index.js:328:13)
    at /home/guimp/Documentos/HabilitFy - antgravity/node_modules/express/lib/router/index.js:286:9
    at Function.process_params (/home/guimp/Documentos/HabilitFy - antgravity/node_modules/express/lib/router/index.js:346:12)
    at next (/home/guimp/Documentos/HabilitFy - antgravity/node_modules/express/lib/router/index.js:280:10)
    at initialize (/home/guimp/Documentos/HabilitFy - antgravity/node_modules/passport/lib/middleware/initialize.js:98:5)
    at Layer.handle [as handle_request] (/home/guimp/Documentos/HabilitFy - antgravity/node_modules/express/lib/router/layer.js:95:5)
    at trim_prefix (/home/guimp/Documentos/HabilitFy - antgravity/node_modules/express/lib/router/index.js:328:13)
    at /home/guimp/Documentos/HabilitFy - antgravity/node_modules/express/lib/router/index.js:286:9
    at Function.process_params (/home/guimp/Documentos/HabilitFy - antgravity/node_modules/express/lib/router/index.js:346:12)
    at next (/home/guimp/Documentos/HabilitFy - antgravity/node_modules/express/lib/router/index.js:280:10)
    at session (/home/guimp/Documentos/HabilitFy - antgravity/node_modules/express-session/index.js:487:7)
    at Layer.handle [as handle_request] (/home/guimp/Documentos/HabilitFy - antgravity/node_modules/express/lib/router/layer.js:95:5)
    at trim_prefix (/home/guimp/Documentos/HabilitFy - antgravity/node_modules/express/lib/router/index.js:328:13)
    at /home/guimp/Documentos/HabilitFy - antgravity/node_modules/express/lib/router/index.js:286:9
    at Function.process_params (/home/guimp/Documentos/HabilitFy - antgravity/node_modules/express/lib/router/index.js:346:12)
    at next (/home/guimp/Documentos/HabilitFy - antgravity/node_modules/express/lib/router/index.js:280:10)
    at <anonymous> (/home/guimp/Documentos/HabilitFy - antgravity/server/index.ts:59:3)
    at Layer.handle [as handle_request] (/home/guimp/Documentos/HabilitFy - antgravity/node_modules/express/lib/router/layer.js:95:5)
    at trim_prefix (/home/guimp/Documentos/HabilitFy - antgravity/node_modules/express/lib/router/index.js:328:13)
    at /home/guimp/Documentos/HabilitFy - antgravity/node_modules/express/lib/router/index.js:286:9
    at Function.process_params (/home/guimp/Documentos/HabilitFy - antgravity/node_modules/express/lib/router/index.js:346:12)
    at next (/home/guimp/Documentos/HabilitFy - antgravity/node_modules/express/lib/router/index.js:280:10)
    at urlencodedParser (/home/guimp/Documentos/HabilitFy - antgravity/node_modules/body-parser/lib/types/urlencoded.js:82:7)
    at Layer.handle [as handle_request] (/home/guimp/Documentos/HabilitFy - antgravity/node_modules/express/lib/router/layer.js:95:5)
    at trim_prefix (/home/guimp/Documentos/HabilitFy - antgravity/node_modules/express/lib/router/index.js:328:13)
    at /home/guimp/Documentos/HabilitFy - antgravity/node_modules/express/lib/router/index.js:286:9
    at Function.process_params (/home/guimp/Documentos/HabilitFy - antgravity/node_modules/express/lib/router/index.js:346:12)
    at next (/home/guimp/Documentos/HabilitFy - antgravity/node_modules/express/lib/router/index.js:280:10)
    at /home/guimp/Documentos/HabilitFy - antgravity/node_modules/body-parser/lib/read.js:137:5
    at AsyncResource.runInAsyncScope (node:async_hooks:206:9)
    at invokeCallback (/home/guimp/Documentos/HabilitFy - antgravity/node_modules/raw-body/index.js:238:16)
    at done (/home/guimp/Documentos/HabilitFy - antgravity/node_modules/raw-body/index.js:227:7)
    at IncomingMessage.onEnd (/home/guimp/Documentos/HabilitFy - antgravity/node_modules/raw-body/index.js:287:7)
    at IncomingMessage.emit (node:events:524:28)
    at endReadableNT (node:internal/streams/readable:1698:12)
    at process.processTicksAndRejections (node:internal/process/task_queues:82:21)
9:56:25 PM [express] POST /api/users/register 500 in 8ms :: {"message":"storage is not defined","details":"{}","stack":"ReferenceError: storage is not defined\n    at <anonymous> (/home/guimp/Documentos/HabilitFy - antgravity/server/routes.ts:350:28)\n    at Layer.handle [as handle_request] (/home/guimp/Documentos/HabilitFy - antgravity/node_modules/express/lib/router/layer.js:95:5)\n    at next (/home/guimp/Documentos/HabilitFy - antgravity/node_modules/express/lib/router/route.js:149:13)\n    at Route.dispatch (/home/guimp/Documentos/HabilitFy - antgravity/node_modules/express/lib/router/route.js:119:3)\n    at Layer.handle [as handle_request] (/home/guimp/Documentos/HabilitFy - antgravity/node_modules/express/lib/router/layer.js:95:5)\n    at /home/guimp/Documentos/HabilitFy - antgravity/node_modules/express/lib/router/index.js:284:15\n    at Function.process_params (/home/guimp/Documentos/HabilitFy - antgravity/node_modules/express/lib/router/index.js:346:12)\n    at next (/home/guimp/Documentos/HabilitFy - antgravity/node_modules/express/lib/router/index.js:280:10)\n    at strategy.pass (/home/guimp/Documentos/HabilitFy - antgravity/node_modules/passport/lib/middleware/authenticate.js:355:9)\n    at SessionStrategy.authenticate (/home/guimp/Documentos/HabilitFy - antgravity/node_modules/passport/lib/strategies/session.js:126:10)\n    at attempt (/home/guimp/Documentos/HabilitFy - antgravity/node_modules/passport/lib/middleware/authenticate.js:378:16)\n    at authenticate (/home/guimp/Documentos/HabilitFy - antgravity/node_modules/passport/lib/middleware/authenticate.js:379:7)\n    at Layer.handle [as handle_request] (/home/guimp/Documentos/HabilitFy - antgravity/node_modules/express/lib/router/layer.js:95:5)\n    at trim_prefix (/home/guimp/Documentos/HabilitFy - antgravity/node_modules/express/lib/router/index.js:328:13)\n    at /home/guimp/Documentos/HabilitFy - antgravity/node_modules/express/lib/router/index.js:286:9\n    at Function.process_params (/home/guimp/Documentos/HabilitFy - antgravity/node_modules/express/lib/router/index.js:346:12)\n    at next (/home/guimp/Documentos/HabilitFy - antgravity/node_modules/express/lib/router/index.js:280:10)\n    at initialize (/home/guimp/Documentos/HabilitFy - antgravity/node_modules/passport/lib/middleware/initialize.js:98:5)\n    at Layer.handle [as handle_request] (/home/guimp/Documentos/HabilitFy - antgravity/node_modules/express/lib/router/layer.js:95:5)\n    at trim_prefix (/home/guimp/Documentos/HabilitFy - antgravity/node_modules/express/lib/router/index.js:328:13)\n    at /home/guimp/Documentos/HabilitFy - antgravity/node_modules/express/lib/router/index.js:286:9\n    at Function.process_params (/home/guimp/Documentos/HabilitFy - antgravity/node_modules/express/lib/router/index.js:346:12)\n    at next (/home/guimp/Documentos/HabilitFy - antgravity/node_modules/express/lib/router/index.js:280:10)\n    at session (/home/guimp/Documentos/HabilitFy - antgravity/node_modules/express-session/index.js:487:7)\n    at Layer.handle [as handle_request] (/home/guimp/Documentos/HabilitFy - antgravity/node_modules/express/lib/router/layer.js:95:5)\n    at trim_prefix (/home/guimp/Documentos/HabilitFy - antgravity/node_modules/express/lib/router/index.js:328:13)\n    at /home/guimp/Documentos/HabilitFy - antgravity/node_modules/express/lib/router/index.js:286:9\n    at Function.process_params (/home/guimp/Documentos/HabilitFy - antgravity/node_modules/express/lib/router/index.js:346:12)\n    at next (/home/guimp/Documentos/HabilitFy - antgravity/node_modules/express/lib/router/index.js:280:10)\n    at <anonymous> (/home/guimp/Documentos/HabilitFy - antgravity/server/index.ts:59:3)\n    at Layer.handle [as handle_request] (/home/guimp/Documentos/HabilitFy - antgravity/node_modules/express/lib/router/layer.js:95:5)\n    at trim_prefix (/home/guimp/Documentos/HabilitFy - antgravity/node_modules/express/lib/router/index.js:328:13)\n    at /home/guimp/Documentos/HabilitFy - antgravity/node_modules/express/lib/router/index.js:286:9\n    at Function.process_params (/home/guimp/Documentos/HabilitFy - antgravity/node_modules/express/lib/router/index.js:346:12)\n    at next (/home/guimp/Documentos/HabilitFy - antgravity/node_modules/express/lib/router/index.js:280:10)\n    at urlencodedParser (/home/guimp/Documentos/HabilitFy - antgravity/node_modules/body-parser/lib/types/urlencoded.js:82:7)\n    at Layer.handle [as handle_request] (/home/guimp/Documentos/HabilitFy - antgravity/node_modules/express/lib/router/layer.js:95:5)\n    at trim_prefix (/home/guimp/Documentos/HabilitFy - antgravity/node_modules/express/lib/router/index.js:328:13)\n    at /home/guimp/Documentos/HabilitFy - antgravity/node_modules/express/lib/router/index.js:286:9\n    at Function.process_params (/home/guimp/Documentos/HabilitFy - antgravity/node_modules/express/lib/router/index.js:346:12)\n    at next (/home/guimp/Documentos/HabilitFy - antgravity/node_modules/express/lib/router/index.js:280:10)\n    at /home/guimp/Documentos/HabilitFy - antgravity/node_modules/body-parser/lib/read.js:137:5\n    at AsyncResource.runInAsyncScope (node:async_hooks:206:9)\n    at invokeCallback (/home/guimp/Documentos/HabilitFy - antgravity/node_modules/raw-body/index.js:238:16)\n    at done (/home/guimp/Documentos/HabilitFy - antgravity/node_modules/raw-body/index.js:227:7)\n    at IncomingMessage.onEnd (/home/guimp/Documentos/HabilitFy - antgravity/node_modules/raw-body/index.js:287:7)\n    at IncomingMessage.emit (node:events:524:28)\n    at endReadableNT (node:internal/streams/readable:1698:12)\n    at process.processTicksAndRejections (node:internal/process/task_queues:82:21)"}
Error registering user: ReferenceError: storage is not defined
    at <anonymous> (/home/guimp/Documentos/HabilitFy - antgravity/server/routes.ts:350:28)
    at Layer.handle [as handle_request] (/home/guimp/Documentos/HabilitFy - antgravity/node_modules/express/lib/router/layer.js:95:5)
    at next (/home/guimp/Documentos/HabilitFy - antgravity/node_modules/express/lib/router/route.js:149:13)
    at Route.dispatch (/home/guimp/Documentos/HabilitFy - antgravity/node_modules/express/lib/router/route.js:119:3)
    at Layer.handle [as handle_request] (/home/guimp/Documentos/HabilitFy - antgravity/node_modules/express/lib/router/layer.js:95:5)
    at /home/guimp/Documentos/HabilitFy - antgravity/node_modules/express/lib/router/index.js:284:15
    at Function.process_params (/home/guimp/Documentos/HabilitFy - antgravity/node_modules/express/lib/router/index.js:346:12)
    at next (/home/guimp/Documentos/HabilitFy - antgravity/node_modules/express/lib/router/index.js:280:10)
    at strategy.pass (/home/guimp/Documentos/HabilitFy - antgravity/node_modules/passport/lib/middleware/authenticate.js:355:9)
    at SessionStrategy.authenticate (/home/guimp/Documentos/HabilitFy - antgravity/node_modules/passport/lib/strategies/session.js:126:10)
    at attempt (/home/guimp/Documentos/HabilitFy - antgravity/node_modules/passport/lib/middleware/authenticate.js:378:16)
    at authenticate (/home/guimp/Documentos/HabilitFy - antgravity/node_modules/passport/lib/middleware/authenticate.js:379:7)
    at Layer.handle [as handle_request] (/home/guimp/Documentos/HabilitFy - antgravity/node_modules/express/lib/router/layer.js:95:5)
    at trim_prefix (/home/guimp/Documentos/HabilitFy - antgravity/node_modules/express/lib/router/index.js:328:13)
    at /home/guimp/Documentos/HabilitFy - antgravity/node_modules/express/lib/router/index.js:286:9
    at Function.process_params (/home/guimp/Documentos/HabilitFy - antgravity/node_modules/express/lib/router/index.js:346:12)
    at next (/home/guimp/Documentos/HabilitFy - antgravity/node_modules/express/lib/router/index.js:280:10)
    at initialize (/home/guimp/Documentos/HabilitFy - antgravity/node_modules/passport/lib/middleware/initialize.js:98:5)
    at Layer.handle [as handle_request] (/home/guimp/Documentos/HabilitFy - antgravity/node_modules/express/lib/router/layer.js:95:5)
    at trim_prefix (/home/guimp/Documentos/HabilitFy - antgravity/node_modules/express/lib/router/index.js:328:13)
    at /home/guimp/Documentos/HabilitFy - antgravity/node_modules/express/lib/router/index.js:286:9
    at Function.process_params (/home/guimp/Documentos/HabilitFy - antgravity/node_modules/express/lib/router/index.js:346:12)
    at next (/home/guimp/Documentos/HabilitFy - antgravity/node_modules/express/lib/router/index.js:280:10)
    at session (/home/guimp/Documentos/HabilitFy - antgravity/node_modules/express-session/index.js:487:7)
    at Layer.handle [as handle_request] (/home/guimp/Documentos/HabilitFy - antgravity/node_modules/express/lib/router/layer.js:95:5)
    at trim_prefix (/home/guimp/Documentos/HabilitFy - antgravity/node_modules/express/lib/router/index.js:328:13)
    at /home/guimp/Documentos/HabilitFy - antgravity/node_modules/express/lib/router/index.js:286:9
    at Function.process_params (/home/guimp/Documentos/HabilitFy - antgravity/node_modules/express/lib/router/index.js:346:12)
    at next (/home/guimp/Documentos/HabilitFy - antgravity/node_modules/express/lib/router/index.js:280:10)
    at <anonymous> (/home/guimp/Documentos/HabilitFy - antgravity/server/index.ts:59:3)
    at Layer.handle [as handle_request] (/home/guimp/Documentos/HabilitFy - antgravity/node_modules/express/lib/router/layer.js:95:5)
    at trim_prefix (/home/guimp/Documentos/HabilitFy - antgravity/node_modules/express/lib/router/index.js:328:13)
    at /home/guimp/Documentos/HabilitFy - antgravity/node_modules/express/lib/router/index.js:286:9
    at Function.process_params (/home/guimp/Documentos/HabilitFy - antgravity/node_modules/express/lib/router/index.js:346:12)
    at next (/home/guimp/Documentos/HabilitFy - antgravity/node_modules/express/lib/router/index.js:280:10)
    at urlencodedParser (/home/guimp/Documentos/HabilitFy - antgravity/node_modules/body-parser/lib/types/urlencoded.js:82:7)
    at Layer.handle [as handle_request] (/home/guimp/Documentos/HabilitFy - antgravity/node_modules/express/lib/router/layer.js:95:5)
    at trim_prefix (/home/guimp/Documentos/HabilitFy - antgravity/node_modules/express/lib/router/index.js:328:13)
    at /home/guimp/Documentos/HabilitFy - antgravity/node_modules/express/lib/router/index.js:286:9
    at Function.process_params (/home/guimp/Documentos/HabilitFy - antgravity/node_modules/express/lib/router/index.js:346:12)
    at next (/home/guimp/Documentos/HabilitFy - antgravity/node_modules/express/lib/router/index.js:280:10)
    at /home/guimp/Documentos/HabilitFy - antgravity/node_modules/body-parser/lib/read.js:137:5
    at AsyncResource.runInAsyncScope (node:async_hooks:206:9)
    at invokeCallback (/home/guimp/Documentos/HabilitFy - antgravity/node_modules/raw-body/index.js:238:16)
    at done (/home/guimp/Documentos/HabilitFy - antgravity/node_modules/raw-body/index.js:227:7)
    at IncomingMessage.onEnd (/home/guimp/Documentos/HabilitFy - antgravity/node_modules/raw-body/index.js:287:7)
    at IncomingMessage.emit (node:events:524:28)
    at endReadableNT (node:internal/streams/readable:1698:12)
    at process.processTicksAndRejections (node:internal/process/task_queues:82:21)
9:57:13 PM [express] POST /api/users/register 500 in 3ms :: {"message":"storage is not defined","details":"{}","stack":"ReferenceError: storage is not defined\n    at <anonymous> (/home/guimp/Documentos/HabilitFy - antgravity/server/routes.ts:350:28)\n    at Layer.handle [as handle_request] (/home/guimp/Documentos/HabilitFy - antgravity/node_modules/express/lib/router/layer.js:95:5)\n    at next (/home/guimp/Documentos/HabilitFy - antgravity/node_modules/express/lib/router/route.js:149:13)\n    at Route.dispatch (/home/guimp/Documentos/HabilitFy - antgravity/node_modules/express/lib/router/route.js:119:3)\n    at Layer.handle [as handle_request] (/home/guimp/Documentos/HabilitFy - antgravity/node_modules/express/lib/router/layer.js:95:5)\n    at /home/guimp/Documentos/HabilitFy - antgravity/node_modules/express/lib/router/index.js:284:15\n    at Function.process_params (/home/guimp/Documentos/HabilitFy - antgravity/node_modules/express/lib/router/index.js:346:12)\n    at next (/home/guimp/Documentos/HabilitFy - antgravity/node_modules/express/lib/router/index.js:280:10)\n    at strategy.pass (/home/guimp/Documentos/HabilitFy - antgravity/node_modules/passport/lib/middleware/authenticate.js:355:9)\n    at SessionStrategy.authenticate (/home/guimp/Documentos/HabilitFy - antgravity/node_modules/passport/lib/strategies/session.js:126:10)\n    at attempt (/home/guimp/Documentos/HabilitFy - antgravity/node_modules/passport/lib/middleware/authenticate.js:378:16)\n    at authenticate (/home/guimp/Documentos/HabilitFy - antgravity/node_modules/passport/lib/middleware/authenticate.js:379:7)\n    at Layer.handle [as handle_request] (/home/guimp/Documentos/HabilitFy - antgravity/node_modules/express/lib/router/layer.js:95:5)\n    at trim_prefix (/home/guimp/Documentos/HabilitFy - antgravity/node_modules/express/lib/router/index.js:328:13)\n    at /home/guimp/Documentos/HabilitFy - antgravity/node_modules/express/lib/router/index.js:286:9\n    at Function.process_params (/home/guimp/Documentos/HabilitFy - antgravity/node_modules/express/lib/router/index.js:346:12)\n    at next (/home/guimp/Documentos/HabilitFy - antgravity/node_modules/express/lib/router/index.js:280:10)\n    at initialize (/home/guimp/Documentos/HabilitFy - antgravity/node_modules/passport/lib/middleware/initialize.js:98:5)\n    at Layer.handle [as handle_request] (/home/guimp/Documentos/HabilitFy - antgravity/node_modules/express/lib/router/layer.js:95:5)\n    at trim_prefix (/home/guimp/Documentos/HabilitFy - antgravity/node_modules/express/lib/router/index.js:328:13)\n    at /home/guimp/Documentos/HabilitFy - antgravity/node_modules/express/lib/router/index.js:286:9\n    at Function.process_params (/home/guimp/Documentos/HabilitFy - antgravity/node_modules/express/lib/router/index.js:346:12)\n    at next (/home/guimp/Documentos/HabilitFy - antgravity/node_modules/express/lib/router/index.js:280:10)\n    at session (/home/guimp/Documentos/HabilitFy - antgravity/node_modules/express-session/index.js:487:7)\n    at Layer.handle [as handle_request] (/home/guimp/Documentos/HabilitFy - antgravity/node_modules/express/lib/router/layer.js:95:5)\n    at trim_prefix (/home/guimp/Documentos/HabilitFy - antgravity/node_modules/express/lib/router/index.js:328:13)\n    at /home/guimp/Documentos/HabilitFy - antgravity/node_modules/express/lib/router/index.js:286:9\n    at Function.process_params (/home/guimp/Documentos/HabilitFy - antgravity/node_modules/express/lib/router/index.js:346:12)\n    at next (/home/guimp/Documentos/HabilitFy - antgravity/node_modules/express/lib/router/index.js:280:10)\n    at <anonymous> (/home/guimp/Documentos/HabilitFy - antgravity/server/index.ts:59:3)\n    at Layer.handle [as handle_request] (/home/guimp/Documentos/HabilitFy - antgravity/node_modules/express/lib/router/layer.js:95:5)\n    at trim_prefix (/home/guimp/Documentos/HabilitFy - antgravity/node_modules/express/lib/router/index.js:328:13)\n    at /home/guimp/Documentos/HabilitFy - antgravity/node_modules/express/lib/router/index.js:286:9\n    at Function.process_params (/home/guimp/Documentos/HabilitFy - antgravity/node_modules/express/lib/router/index.js:346:12)\n    at next (/home/guimp/Documentos/HabilitFy - antgravity/node_modules/express/lib/router/index.js:280:10)\n    at urlencodedParser (/home/guimp/Documentos/HabilitFy - antgravity/node_modules/body-parser/lib/types/urlencoded.js:82:7)\n    at Layer.handle [as handle_request] (/home/guimp/Documentos/HabilitFy - antgravity/node_modules/express/lib/router/layer.js:95:5)\n    at trim_prefix (/home/guimp/Documentos/HabilitFy - antgravity/node_modules/express/lib/router/index.js:328:13)\n    at /home/guimp/Documentos/HabilitFy - antgravity/node_modules/express/lib/router/index.js:286:9\n    at Function.process_params (/home/guimp/Documentos/HabilitFy - antgravity/node_modules/express/lib/router/index.js:346:12)\n    at next (/home/guimp/Documentos/HabilitFy - antgravity/node_modules/express/lib/router/index.js:280:10)\n    at /home/guimp/Documentos/HabilitFy - antgravity/node_modules/body-parser/lib/read.js:137:5\n    at AsyncResource.runInAsyncScope (node:async_hooks:206:9)\n    at invokeCallback (/home/guimp/Documentos/HabilitFy - antgravity/node_modules/raw-body/index.js:238:16)\n    at done (/home/guimp/Documentos/HabilitFy - antgravity/node_modules/raw-body/index.js:227:7)\n    at IncomingMessage.onEnd (/home/guimp/Documentos/HabilitFy - antgravity/node_modules/raw-body/index.js:287:7)\n    at IncomingMessage.emit (node:events:524:28)\n    at endReadableNT (node:internal/streams/readable:1698:12)\n    at process.processTicksAndRejections (node:internal/process/task_queues:82:21)"}
[RUNTIME_ERROR]{"type":"runtime-error","timestamp":1768963063801,"name":"Error","message":"testw is not defined","stack":"    at /home/guimp/Documentos/HabilitFy - antgravity/client/src/components/WebcamCapture.tsx:54:48\n\n\n\n\n\n\n\n","loc":{"line":54,"column":48,"file":"/home/guimp/Documentos/HabilitFy - antgravity/client/src/components/WebcamCapture.tsx"},"frame":"52 |                  canvas.width = video.videoWidth;\n53 |                  canvas.height = video.videoHeight;\n54 |                  context.drawImage(video, 0, 0, testw, testh); // Wait, variable naming error potential here, fixing logic below.\n   |                                                 ^\n55 |  \n56 |                  // Correct draw logic"}
