
> rest-express@1.0.0 verify
> npm run check && npm run test:unit && npm run test:smoke:access:api && npm run test:smoke:access:ui


> rest-express@1.0.0 check
> tsc


> rest-express@1.0.0 test:unit
> vitest run


 RUN  v4.0.18 /home/guimp/Documentos/HabilitFy - antgravity

 ✓ server/integrations.routes.test.ts (3 tests) 29ms
 ✓ client/src/components/ui/button.test.tsx (1 test) 591ms
     ✓ renders the default variant  582ms
 ✓ server/access-control.smoke.test.ts (4 tests) 123ms
 ✓ client/src/components/auth/AuthGuard.smoke.test.tsx (3 tests) 117ms
 ✓ server/abacatepay.test.ts (6 tests) 7ms

 Test Files  5 passed (5)
      Tests  17 passed (17)
   Start at  14:25:28
   Duration  4.37s (transform 1.27s, setup 2.37s, import 2.09s, tests 867ms, environment 3.78s)


> rest-express@1.0.0 test:smoke:access:api
> vitest run server/access-control.smoke.test.ts


 RUN  v4.0.18 /home/guimp/Documentos/HabilitFy - antgravity

 ✓ server/access-control.smoke.test.ts (4 tests) 21ms

 Test Files  1 passed (1)
      Tests  4 passed (4)
   Start at  14:25:33
   Duration  1.42s (transform 355ms, setup 321ms, import 463ms, tests 21ms, environment 0ms)


> rest-express@1.0.0 test:smoke:access:ui
> vitest run client/src/components/auth/AuthGuard.smoke.test.tsx


 RUN  v4.0.18 /home/guimp/Documentos/HabilitFy - antgravity

 ✓ client/src/components/auth/AuthGuard.smoke.test.tsx (3 tests) 79ms

 Test Files  1 passed (1)
      Tests  3 passed (3)
   Start at  14:25:35
   Duration  2.14s (transform 194ms, setup 302ms, import 339ms, tests 79ms, environment 1.11s)

